---
source: tests/decoding/main.rs
expression: png
---
PNG {
    header: IHDRChunk {
        width: 2,
        height: 2,
        bit_depth: 1,
        color_type: IndexedColor,
        compression_method: 0,
        filter_method: 0,
        interlace_method: None,
    },
    pixels: [
        Pixel {
            red: 0,
            green: 255,
            blue: 255,
            alpha: 65535,
        },
        Pixel {
            red: 0,
            green: 255,
            blue: 255,
            alpha: 65535,
        },
        Pixel {
            red: 0,
            green: 255,
            blue: 255,
            alpha: 65535,
        },
        Pixel {
            red: 0,
            green: 255,
            blue: 255,
            alpha: 65535,
        },
    ],
}
